App.tsx(347,13): error TS2322: Type '{ selectedMonth: number; selectedYear: number; financialData: ImportedRow[]; selectedHotel: string; accounts: Account[]; packages: CostPackage[]; hotels: Hotel[]; ... 5 more ...; activeBudgetVersionId: string; }' is not assignable to type 'IntrinsicAttributes & ForecastTableProps'.
  Property 'projectedBudgetVersionId' does not exist on type 'IntrinsicAttributes & ForecastTableProps'. Did you mean 'activeBudgetVersionId'?
components/BudgetDREView.tsx(1165,80): error TS2322: Type 'string[]' is not assignable to type '("real" | "budget" | "months" | "variance")[]'.
  Type 'string' is not assignable to type '"real" | "budget" | "months" | "variance"'.
components/BudgetLaborView.tsx(1101,91): error TS2339: Property 'providerName' does not exist on type '{ method: "driver" | "absolute" | "percent_increase" | "absolute_increase"; values: number[]; lastYearValues: number[]; increaseValue: number; providerName?: string; } | { method: "absolute"; values: any[]; }'.
  Property 'providerName' does not exist on type '{ method: "absolute"; values: any[]; }'.
components/GMDView.tsx(481,53): error TS2322: Type 'Dispatch<SetStateAction<"pending" | "active" | "completed" | "all" | "review">>' is not assignable to type '(status: string) => void'.
  Types of parameters 'value' and 'status' are incompatible.
    Type 'string' is not assignable to type 'SetStateAction<"pending" | "active" | "completed" | "all" | "review">'.
components/GMDView.tsx(487,53): error TS2322: Type 'Dispatch<SetStateAction<"pending" | "active" | "completed" | "all" | "review">>' is not assignable to type '(status: string) => void'.
  Types of parameters 'value' and 'status' are incompatible.
    Type 'string' is not assignable to type 'SetStateAction<"pending" | "active" | "completed" | "all" | "review">'.
components/GMDView.tsx(493,53): error TS2322: Type 'Dispatch<SetStateAction<"pending" | "active" | "completed" | "all" | "review">>' is not assignable to type '(status: string) => void'.
  Types of parameters 'value' and 'status' are incompatible.
    Type 'string' is not assignable to type 'SetStateAction<"pending" | "active" | "completed" | "all" | "review">'.
components/GMDView.tsx(499,53): error TS2322: Type 'Dispatch<SetStateAction<"pending" | "active" | "completed" | "all" | "review">>' is not assignable to type '(status: string) => void'.
  Types of parameters 'value' and 'status' are incompatible.
    Type 'string' is not assignable to type 'SetStateAction<"pending" | "active" | "completed" | "all" | "review">'.
components/OccupancyView.tsx(191,7): error TS2353: Object literal may only specify known properties, and 'deltaBudget' does not exist in type 'ColumnVisibility | (() => ColumnVisibility)'.
components/OccupancyView.tsx(573,49): error TS2339: Property 'deltaBudget' does not exist on type 'ColumnVisibility'.
components/OccupancyView.tsx(574,49): error TS2339: Property 'deltaBudgetPct' does not exist on type 'ColumnVisibility'.
components/OccupancyView.tsx(624,57): error TS2339: Property 'deltaBudget' does not exist on type 'ColumnVisibility'.
components/OccupancyView.tsx(629,57): error TS2339: Property 'deltaBudgetPct' does not exist on type 'ColumnVisibility'.
components/UnifiedAdministrationView.tsx(1487,66): error TS2345: Argument of type 'string' is not assignable to parameter of type '"emocionador" | "emocionador_extra" | "emocionador_extra_others"'.
components/UnifiedAdministrationView.tsx(2129,202): error TS2367: This comparison appears to be unintentional because the types '"financial" | "revenue" | "occupancy"' and '"costCenters"' have no overlap.
